[2026-10-07T20:05:01.798Z][INFO] Command-line: 'D:\\Program Files\\Unity\\Hub\\Editor\\6000.5.10f1\\Editor\\Data\\Resources\\PackageManager\\Server\\UnityPackageManager.exe' server -s 14124 --ipc-path Unity-Upm-14124 -l 2 --log-file 'D:\\aestradam014\\Clash of Tanks/Logs/upm.log'
[2026-10-07T20:05:02.040Z][INFO] IPC server started (IPC path=Unity-Upm-14124).
[2026-10-07T20:05:02.041Z][INFO] Hint: To connect to this UPM instance, launch Unity with the command-line parameter -upmIpcPath Upm-14124.
[2026-10-07T20:05:34.129Z][INFO] project:list-packages <-- Request received
params: {}
[2026-10-07T20:05:34.493Z][INFO] project:list-packages <-- Request received
params: {}
[2026-10-07T20:05:34.516Z][INFO] config:project:get-registries <-- Request received
params: {}
[2026-10-07T20:05:34.974Z][INFO] config:project:get-registries --> 200 (457 ms)
[2026-10-07T20:05:35.827Z][INFO] project:list-packages --> 200 (1698 ms)
[2026-10-07T20:05:35.837Z][INFO] project:list-packages --> 200 (1344 ms)
[2026-10-07T20:06:21.207Z][INFO] project:list-packages <-- Request received
params: {}
[2026-10-07T20:06:21.258Z][INFO] project:list-packages <-- Request received
params: {}
[2026-10-07T20:06:21.770Z][INFO] project:list-packages --> 200 (562 ms)
[2026-10-07T20:06:21.812Z][INFO] project:list-packages --> 200 (554 ms)
[2026-10-07T20:06:27.760Z][INFO] project:list-packages <-- Request received
params: {}
[2026-10-07T20:06:28.022Z][INFO] project:list-packages --> 200 (263 ms)
[2026-10-07T20:06:28.522Z][INFO] config:project:get-registries <-- Request received
params: {}
[2026-10-07T20:06:28.526Z][INFO] config:project:get-registries --> 200 (5 ms)
[2026-10-07T20:06:35.958Z][INFO] project:list-packages <-- Request received
params: {}
[2026-10-07T20:06:36.251Z][INFO] project:list-packages --> 200 (293 ms)
[2026-10-07T20:06:39.334Z][INFO] packages:get-packageinfo <-- Request received
params: {
  "packageId": "com.unity.ai.assistant"
}
[2026-10-07T20:06:39.537Z][INFO] Downloading package [com.unity.package-manager.metadata-6000.5@0.0.102] from registry 'https://packages.unity.com'
[2026-10-07T20:06:39.862Z][INFO] Finished downloading package [com.unity.package-manager.metadata-6000.5@0.0.102] from registry 'https://packages.unity.com' (size: 11.5 kB, time: 323ms)
[2026-10-07T20:06:40.069Z][INFO] packages:get-packageinfo --> 200 (735 ms)
[2026-10-07T20:06:41.491Z][INFO] project:list-packages <-- Request received
params: {}
[2026-10-07T20:06:45.864Z][INFO] project:list-packages --> 200 (4373 ms)
[2026-10-07T20:27:20.048Z][INFO] project:list-packages <-- Request received
params: {}
[2026-10-07T20:27:20.508Z][INFO] project:list-packages --> 200 (460 ms)
[2026-10-07T20:27:21.900Z][INFO] project:list-packages <-- Request received
params: {}
[2026-10-07T20:27:22.266Z][INFO] project:list-packages --> 200 (366 ms)
[2026-10-07T20:27:22.759Z][INFO] config:project:get-registries <-- Request received
params: {}
[2026-10-07T20:27:22.763Z][INFO] config:project:get-registries --> 200 (4 ms)
[2026-10-07T20:27:24.335Z][INFO] packages:get-packageinfo <-- Request received
params: {
  "packageId": "com.unity.ai.assistant"
}
[2026-10-07T20:27:24.595Z][INFO] packages:get-packageinfo --> 200 (260 ms)
[2026-10-07T20:27:26.959Z][INFO] project:list-packages <-- Request received
params: {}
[2026-10-07T20:27:27.311Z][INFO] project:list-packages <-- Request received
params: {}
[2026-10-07T20:27:28.266Z][INFO] project:list-packages --> 200 (1307 ms)
[2026-10-07T20:27:28.273Z][INFO] project:list-packages --> 200 (962 ms)
[2026-10-07T20:32:35.895Z][INFO] project:list-packages <-- Request received
params: {}
[2026-10-07T20:32:36.484Z][INFO] project:list-packages --> 200 (589 ms)
[2026-10-07T20:32:38.286Z][INFO] project:list-packages <-- Request received
params: {}
[2026-10-07T20:32:38.588Z][INFO] project:list-packages --> 200 (302 ms)
[2026-10-07T20:32:38.871Z][INFO] config:project:get-registries <-- Request received
params: {}
[2026-10-07T20:32:38.915Z][INFO] config:project:get-registries --> 200 (44 ms)
[2026-10-07T20:32:45.576Z][INFO] packages:get-packageinfo <-- Request received
params: {
  "packageId": "com.unity.ai.assistant"
}
[2026-10-07T20:32:45.861Z][INFO] packages:get-packageinfo --> 200 (286 ms)
[2026-10-07T20:52:22.647Z][INFO] project:list-packages <-- Request received
params: {}
[2026-10-07T20:52:23.351Z][INFO] project:list-packages --> 200 (708 ms)
[2026-10-07T20:52:25.164Z][INFO] project:list-packages <-- Request received
params: {}
[2026-10-07T20:52:25.598Z][INFO] project:list-packages --> 200 (433 ms)
[2026-10-07T20:52:26.211Z][INFO] config:project:get-registries <-- Request received
params: {}
[2026-10-07T20:52:26.220Z][INFO] config:project:get-registries --> 200 (8 ms)
[2026-10-07T20:52:28.400Z][INFO] packages:get-packageinfo <-- Request received
params: {
  "packageId": "com.unity.ai.assistant"
}
[2026-10-07T20:52:28.899Z][INFO] packages:get-packageinfo --> 200 (499 ms)
[2026-10-07T20:52:31.107Z][INFO] project:list-packages <-- Request received
params: {}
[2026-10-07T20:52:31.510Z][INFO] project:list-packages <-- Request received
params: {}
[2026-10-07T20:52:32.888Z][INFO] project:list-packages --> 200 (1781 ms)
[2026-10-07T20:52:32.890Z][INFO] project:list-packages --> 200 (1380 ms)
[2026-10-07T20:52:37.018Z][INFO] project:list-packages <-- Request received
params: {}
[2026-10-07T20:52:37.098Z][INFO] project:list-packages <-- Request received
params: {}
[2026-10-07T20:52:37.950Z][INFO] project:list-packages --> 200 (932 ms)
[2026-10-07T20:52:37.988Z][INFO] project:list-packages --> 200 (890 ms)
[2026-10-07T20:52:39.161Z][INFO] project:list-packages <-- Request received
params: {}
[2026-10-07T20:52:39.630Z][INFO] project:list-packages --> 200 (469 ms)
[2026-10-07T20:52:39.875Z][INFO] config:project:get-registries <-- Request received
params: {}
[2026-10-07T20:52:39.881Z][INFO] config:project:get-registries --> 200 (6 ms)
[2026-10-07T20:52:46.536Z][INFO] packages:get-packageinfo <-- Request received
params: {
  "packageId": "com.unity.ai.assistant"
}
[2026-10-07T20:52:46.578Z][INFO] packages:get-packageinfo --> 200 (42 ms)
[2026-10-07T21:08:07.276Z][INFO] project:list-packages <-- Request received
params: {}
[2026-10-07T21:08:08.083Z][INFO] project:list-packages --> 200 (807 ms)
[2026-10-07T21:08:10.128Z][INFO] project:list-packages <-- Request received
params: {}
[2026-10-07T21:08:10.660Z][INFO] project:list-packages --> 200 (532 ms)
[2026-10-07T21:08:11.332Z][INFO] config:project:get-registries <-- Request received
params: {}
[2026-10-07T21:08:11.337Z][INFO] config:project:get-registries --> 200 (5 ms)
[2026-10-07T21:08:18.763Z][INFO] packages:get-packageinfo <-- Request received
params: {
  "packageId": "com.unity.ai.assistant"
}
[2026-10-07T21:08:19.235Z][INFO] packages:get-packageinfo --> 200 (472 ms)
